// Jest Snapshot v1, https://goo.gl/fbAQLP

exports[`snapshot testing renders correctly 1`] = `
<div
  className="page-container"
>
  <h1>
    Student Form
  </h1>
  <form
    className="my-form"
  >
    <div
      className="MuiFormControl-root-1"
      style={
        Object {
          "marginBottom": "10px",
        }
      }
    >
      <label
        className="MuiFormLabel-root-16 MuiInputLabel-root-5 MuiInputLabel-formControl-10 MuiInputLabel-animated-13 MuiInputLabel-outlined-15"
        data-shrink={false}
      >
        First Name
      </label>
      <div
        className="MuiInputBase-root-36 MuiOutlinedInput-root-23 MuiInputBase-formControl-37"
        onClick={[Function]}
      >
        <fieldset
          aria-hidden={true}
          className="MuiPrivateNotchedOutline-root-53 MuiOutlinedInput-notchedOutline-30"
          style={
            Object {
              "paddingLeft": 8,
            }
          }
        >
          <legend
            className="MuiPrivateNotchedOutline-legend-54"
            style={
              Object {
                "width": 0.01,
              }
            }
          >
            <span
              dangerouslySetInnerHTML={
                Object {
                  "__html": "&#8203;",
                }
              }
            />
          </legend>
        </fieldset>
        <input
          aria-invalid={false}
          className="MuiInputBase-input-46 MuiOutlinedInput-input-31"
          disabled={false}
          name="firstName"
          onBlur={[Function]}
          onChange={[Function]}
          onFocus={[Function]}
          required={false}
          type="text"
          value=""
        />
      </div>
    </div>
    <div
      className="MuiFormControl-root-1"
      style={
        Object {
          "marginBottom": "10px",
        }
      }
    >
      <label
        className="MuiFormLabel-root-16 MuiInputLabel-root-5 MuiInputLabel-formControl-10 MuiInputLabel-animated-13 MuiInputLabel-outlined-15"
        data-shrink={false}
      >
        Last Name
      </label>
      <div
        className="MuiInputBase-root-36 MuiOutlinedInput-root-23 MuiInputBase-formControl-37"
        onClick={[Function]}
      >
        <fieldset
          aria-hidden={true}
          className="MuiPrivateNotchedOutline-root-53 MuiOutlinedInput-notchedOutline-30"
          style={
            Object {
              "paddingLeft": 8,
            }
          }
        >
          <legend
            className="MuiPrivateNotchedOutline-legend-54"
            style={
              Object {
                "width": 0.01,
              }
            }
          >
            <span
              dangerouslySetInnerHTML={
                Object {
                  "__html": "&#8203;",
                }
              }
            />
          </legend>
        </fieldset>
        <input
          aria-invalid={false}
          className="MuiInputBase-input-46 MuiOutlinedInput-input-31"
          disabled={false}
          name="lastName"
          onBlur={[Function]}
          onChange={[Function]}
          onFocus={[Function]}
          required={false}
          type="text"
          value=""
        />
      </div>
    </div>
    <div
      className="MuiFormControl-root-1"
      style={
        Object {
          "marginBottom": "10px",
        }
      }
    >
      <label
        className="MuiFormLabel-root-16 MuiInputLabel-root-5 MuiInputLabel-formControl-10 MuiInputLabel-animated-13 MuiInputLabel-outlined-15"
        data-shrink={false}
      >
        Age
      </label>
      <div
        className="MuiInputBase-root-36 MuiOutlinedInput-root-23 MuiInputBase-formControl-37"
        onClick={[Function]}
      >
        <fieldset
          aria-hidden={true}
          className="MuiPrivateNotchedOutline-root-53 MuiOutlinedInput-notchedOutline-30"
          style={
            Object {
              "paddingLeft": 8,
            }
          }
        >
          <legend
            className="MuiPrivateNotchedOutline-legend-54"
            style={
              Object {
                "width": 0.01,
              }
            }
          >
            <span
              dangerouslySetInnerHTML={
                Object {
                  "__html": "&#8203;",
                }
              }
            />
          </legend>
        </fieldset>
        <input
          aria-invalid={false}
          className="MuiInputBase-input-46 MuiOutlinedInput-input-31"
          disabled={false}
          name="age"
          onBlur={[Function]}
          onChange={[Function]}
          onFocus={[Function]}
          required={false}
          type="text"
          value=""
        />
      </div>
    </div>
    <button
      className="MuiButtonBase-root-81 MuiButton-root-55 MuiButton-text-57 MuiButton-flat-60 MuiButton-sizeLarge-79"
      disabled={false}
      onBlur={[Function]}
      onClick={[Function]}
      onContextMenu={[Function]}
      onFocus={[Function]}
      onKeyDown={[Function]}
      onKeyUp={[Function]}
      onMouseDown={[Function]}
      onMouseLeave={[Function]}
      onMouseUp={[Function]}
      onTouchEnd={[Function]}
      onTouchMove={[Function]}
      onTouchStart={[Function]}
      style={
        Object {
          "background": "blue",
          "color": "white",
        }
      }
      tabIndex="0"
      type="button"
    >
      <span
        className="MuiButton-label-56"
      >
        Save
      </span>
      <span
        className="MuiTouchRipple-root-84"
      />
    </button>
  </form>
</div>
`;

exports[`snapshot testing should render correctly by comparing snapshot 1`] = `
<div
  className="page-container"
>
  <h1>
    Student Form
  </h1>
  <form
    className="my-form"
  >
    <div
      className="MuiFormControl-root-1"
      style={
        Object {
          "marginBottom": "10px",
        }
      }
    >
      <label
        className="MuiFormLabel-root-16 MuiInputLabel-root-5 MuiInputLabel-formControl-10 MuiInputLabel-animated-13 MuiInputLabel-outlined-15"
        data-shrink={false}
      >
        First Name
      </label>
      <div
        className="MuiInputBase-root-36 MuiOutlinedInput-root-23 MuiInputBase-formControl-37"
        onClick={[Function]}
      >
        <fieldset
          aria-hidden={true}
          className="MuiPrivateNotchedOutline-root-53 MuiOutlinedInput-notchedOutline-30"
          style={
            Object {
              "paddingLeft": 8,
            }
          }
        >
          <legend
            className="MuiPrivateNotchedOutline-legend-54"
            style={
              Object {
                "width": 0.01,
              }
            }
          >
            <span
              dangerouslySetInnerHTML={
                Object {
                  "__html": "&#8203;",
                }
              }
            />
          </legend>
        </fieldset>
        <input
          aria-invalid={false}
          className="MuiInputBase-input-46 MuiOutlinedInput-input-31"
          disabled={false}
          name="firstName"
          onBlur={[Function]}
          onChange={[Function]}
          onFocus={[Function]}
          required={false}
          type="text"
          value=""
        />
      </div>
    </div>
    <div
      className="MuiFormControl-root-1"
      style={
        Object {
          "marginBottom": "10px",
        }
      }
    >
      <label
        className="MuiFormLabel-root-16 MuiInputLabel-root-5 MuiInputLabel-formControl-10 MuiInputLabel-animated-13 MuiInputLabel-outlined-15"
        data-shrink={false}
      >
        Last Name
      </label>
      <div
        className="MuiInputBase-root-36 MuiOutlinedInput-root-23 MuiInputBase-formControl-37"
        onClick={[Function]}
      >
        <fieldset
          aria-hidden={true}
          className="MuiPrivateNotchedOutline-root-53 MuiOutlinedInput-notchedOutline-30"
          style={
            Object {
              "paddingLeft": 8,
            }
          }
        >
          <legend
            className="MuiPrivateNotchedOutline-legend-54"
            style={
              Object {
                "width": 0.01,
              }
            }
          >
            <span
              dangerouslySetInnerHTML={
                Object {
                  "__html": "&#8203;",
                }
              }
            />
          </legend>
        </fieldset>
        <input
          aria-invalid={false}
          className="MuiInputBase-input-46 MuiOutlinedInput-input-31"
          disabled={false}
          name="lastName"
          onBlur={[Function]}
          onChange={[Function]}
          onFocus={[Function]}
          required={false}
          type="text"
          value=""
        />
      </div>
    </div>
    <div
      className="MuiFormControl-root-1"
      style={
        Object {
          "marginBottom": "10px",
        }
      }
    >
      <label
        className="MuiFormLabel-root-16 MuiInputLabel-root-5 MuiInputLabel-formControl-10 MuiInputLabel-animated-13 MuiInputLabel-outlined-15"
        data-shrink={false}
      >
        Age
      </label>
      <div
        className="MuiInputBase-root-36 MuiOutlinedInput-root-23 MuiInputBase-formControl-37"
        onClick={[Function]}
      >
        <fieldset
          aria-hidden={true}
          className="MuiPrivateNotchedOutline-root-53 MuiOutlinedInput-notchedOutline-30"
          style={
            Object {
              "paddingLeft": 8,
            }
          }
        >
          <legend
            className="MuiPrivateNotchedOutline-legend-54"
            style={
              Object {
                "width": 0.01,
              }
            }
          >
            <span
              dangerouslySetInnerHTML={
                Object {
                  "__html": "&#8203;",
                }
              }
            />
          </legend>
        </fieldset>
        <input
          aria-invalid={false}
          className="MuiInputBase-input-46 MuiOutlinedInput-input-31"
          disabled={false}
          name="age"
          onBlur={[Function]}
          onChange={[Function]}
          onFocus={[Function]}
          required={false}
          type="text"
          value=""
        />
      </div>
    </div>
    <button
      className="MuiButtonBase-root-81 MuiButton-root-55 MuiButton-text-57 MuiButton-flat-60 MuiButton-sizeLarge-79"
      disabled={false}
      onBlur={[Function]}
      onClick={[Function]}
      onContextMenu={[Function]}
      onFocus={[Function]}
      onKeyDown={[Function]}
      onKeyUp={[Function]}
      onMouseDown={[Function]}
      onMouseLeave={[Function]}
      onMouseUp={[Function]}
      onTouchEnd={[Function]}
      onTouchMove={[Function]}
      onTouchStart={[Function]}
      style={
        Object {
          "background": "blue",
          "color": "white",
        }
      }
      tabIndex="0"
      type="button"
    >
      <span
        className="MuiButton-label-56"
      >
        Save
      </span>
      <span
        className="MuiTouchRipple-root-84"
      />
    </button>
  </form>
</div>
`;
